2026-08-04 03:12:10.171 +05:30 [INF] Starting HelpDesk.Mvc
2026-08-04 03:12:10.919 +05:30 [INF] User profile is available. Using 'C:\Users\Lenovo\AppData\Local\ASP.NET\DataProtection-Keys' as key repository and Windows DPAPI to encrypt keys at rest.
2026-08-04 03:12:11.105 +05:30 [INF] Now listening on: https://localhost:59188
2026-08-04 03:12:11.107 +05:30 [INF] Now listening on: http://localhost:59189
2026-08-04 03:12:11.133 +05:30 [INF] Application started. Press Ctrl+C to shut down.
2026-08-04 03:12:11.134 +05:30 [INF] Hosting environment: Development
2026-08-04 03:12:11.135 +05:30 [INF] Content root path: C:\Users\Lenovo\#Projects\HelpDeskManagement\HelpDesk.Mvc
2026-08-04 03:12:12.027 +05:30 [INF] Request starting HTTP/2 GET https://localhost:59188/ - null null
2026-08-04 03:12:12.230 +05:30 [INF] Executing endpoint 'HelpDesk.Mvc.Controllers.HomeController.Index (HelpDesk.Mvc)'
2026-08-04 03:12:12.303 +05:30 [INF] Route matched with {action = "Index", controller = "Home"}. Executing controller action with signature System.Threading.Tasks.Task`1[Microsoft.AspNetCore.Mvc.IActionResult] Index() on controller HelpDesk.Mvc.Controllers.HomeController (HelpDesk.Mvc).
2026-08-04 03:12:12.334 +05:30 [INF] Start processing HTTP request GET https://localhost:7001/api/Ticket/All
2026-08-04 03:12:12.336 +05:30 [INF] Sending HTTP request GET https://localhost:7001/api/Ticket/All
2026-08-04 03:12:17.119 +05:30 [INF] Executed action HelpDesk.Mvc.Controllers.HomeController.Index (HelpDesk.Mvc) in 4803.5888ms
2026-08-04 03:12:17.131 +05:30 [INF] Executed endpoint 'HelpDesk.Mvc.Controllers.HomeController.Index (HelpDesk.Mvc)'
2026-08-04 03:12:17.142 +05:30 [ERR] HTTP GET / responded 500 in 4935.5694 ms
System.Net.Http.HttpRequestException: No connection could be made because the target machine actively refused it. (localhost:7001)
 ---> System.Net.Sockets.SocketException (10061): No connection could be made because the target machine actively refused it.
   at System.Net.Sockets.Socket.AwaitableSocketAsyncEventArgs.ThrowException(SocketError error, CancellationToken cancellationToken)
   at System.Net.Sockets.Socket.AwaitableSocketAsyncEventArgs.System.Threading.Tasks.Sources.IValueTaskSource.GetResult(Int16 token)
   at System.Net.Sockets.Socket.<ConnectAsync>g__WaitForConnectWithCancellation|285_0(AwaitableSocketAsyncEventArgs saea, ValueTask connectTask, CancellationToken cancellationToken)
   at System.Net.Http.HttpConnectionPool.ConnectToTcpHostAsync(String host, Int32 port, HttpRequestMessage initialRequest, Boolean async, CancellationToken cancellationToken)
   --- End of inner exception stack trace ---
   at System.Net.Http.HttpConnectionPool.ConnectToTcpHostAsync(String host, Int32 port, HttpRequestMessage initialRequest, Boolean async, CancellationToken cancellationToken)
   at System.Net.Http.HttpConnectionPool.ConnectAsync(HttpRequestMessage request, Boolean async, CancellationToken cancellationToken)
   at System.Net.Http.HttpConnectionPool.CreateHttp11ConnectionAsync(HttpRequestMessage request, Boolean async, CancellationToken cancellationToken)
   at System.Net.Http.HttpConnectionPool.AddHttp11ConnectionAsync(QueueItem queueItem)
   at System.Threading.Tasks.TaskCompletionSourceWithCancellation`1.WaitWithCancellationAsync(CancellationToken cancellationToken)
   at System.Net.Http.HttpConnectionPool.HttpConnectionWaiter`1.WaitForConnectionWithTelemetryAsync(HttpRequestMessage request, HttpConnectionPool pool, Boolean async, CancellationToken requestCancellationToken)
   at System.Net.Http.HttpConnectionPool.SendWithVersionDetectionAndRetryAsync(HttpRequestMessage request, Boolean async, Boolean doRequestAuth, CancellationToken cancellationToken)
   at System.Net.Http.DiagnosticsHandler.SendAsyncCore(HttpRequestMessage request, Boolean async, CancellationToken cancellationToken)
   at System.Net.Http.RedirectHandler.SendAsync(HttpRequestMessage request, Boolean async, CancellationToken cancellationToken)
   at Microsoft.Extensions.Http.Logging.LoggingHttpMessageHandler.<SendCoreAsync>g__Core|5_0(HttpRequestMessage request, Boolean useAsync, CancellationToken cancellationToken)
   at Microsoft.Extensions.Http.Logging.LoggingScopeHttpMessageHandler.<SendCoreAsync>g__Core|5_0(HttpRequestMessage request, Boolean useAsync, CancellationToken cancellationToken)
   at System.Net.Http.HttpClient.<SendAsync>g__Core|83_0(HttpRequestMessage request, HttpCompletionOption completionOption, CancellationTokenSource cts, Boolean disposeCts, CancellationTokenSource pendingRequestsCts, CancellationToken originalCancellationToken)
   at HelpDesk.Mvc.Services.TicketApiService.GetAllTicketsAsync() in C:\Users\Lenovo\#Projects\HelpDeskManagement\HelpDesk.Mvc\Services\TicketApiService.cs:line 20
   at HelpDesk.Mvc.Controllers.HomeController.Index() in C:\Users\Lenovo\#Projects\HelpDeskManagement\HelpDesk.Mvc\Controllers\HomeController.cs:line 23
   at Microsoft.AspNetCore.Mvc.Infrastructure.ActionMethodExecutor.TaskOfIActionResultExecutor.Execute(ActionContext actionContext, IActionResultTypeMapper mapper, ObjectMethodExecutor executor, Object controller, Object[] arguments)
   at Microsoft.AspNetCore.Mvc.Infrastructure.ControllerActionInvoker.<InvokeActionMethodAsync>g__Awaited|12_0(ControllerActionInvoker invoker, ValueTask`1 actionResultValueTask)
   at Microsoft.AspNetCore.Mvc.Infrastructure.ControllerActionInvoker.<InvokeNextActionFilterAsync>g__Awaited|10_0(ControllerActionInvoker invoker, Task lastTask, State next, Scope scope, Object state, Boolean isCompleted)
   at Microsoft.AspNetCore.Mvc.Infrastructure.ControllerActionInvoker.Rethrow(ActionExecutedContextSealed context)
   at Microsoft.AspNetCore.Mvc.Infrastructure.ControllerActionInvoker.Next(State& next, Scope& scope, Object& state, Boolean& isCompleted)
   at Microsoft.AspNetCore.Mvc.Infrastructure.ControllerActionInvoker.<InvokeInnerFilterAsync>g__Awaited|13_0(ControllerActionInvoker invoker, Task lastTask, State next, Scope scope, Object state, Boolean isCompleted)
   at Microsoft.AspNetCore.Mvc.Infrastructure.ResourceInvoker.<InvokeNextResourceFilter>g__Awaited|25_0(ResourceInvoker invoker, Task lastTask, State next, Scope scope, Object state, Boolean isCompleted)
   at Microsoft.AspNetCore.Mvc.Infrastructure.ResourceInvoker.Rethrow(ResourceExecutedContextSealed context)
   at Microsoft.AspNetCore.Mvc.Infrastructure.ResourceInvoker.Next(State& next, Scope& scope, Object& state, Boolean& isCompleted)
   at Microsoft.AspNetCore.Mvc.Infrastructure.ResourceInvoker.<InvokeFilterPipelineAsync>g__Awaited|20_0(ResourceInvoker invoker, Task lastTask, State next, Scope scope, Object state, Boolean isCompleted)
   at Microsoft.AspNetCore.Mvc.Infrastructure.ResourceInvoker.<InvokeAsync>g__Logged|17_1(ResourceInvoker invoker)
   at Microsoft.AspNetCore.Mvc.Infrastructure.ResourceInvoker.<InvokeAsync>g__Logged|17_1(ResourceInvoker invoker)
   at Microsoft.AspNetCore.Routing.EndpointMiddleware.<Invoke>g__AwaitRequestTask|7_0(Endpoint endpoint, Task requestTask, ILogger logger)
   at Microsoft.AspNetCore.Authorization.AuthorizationMiddleware.Invoke(HttpContext context)
   at Serilog.AspNetCore.RequestLoggingMiddleware.Invoke(HttpContext httpContext)
2026-08-04 03:12:17.201 +05:30 [ERR] An unhandled exception has occurred while executing the request.
System.Net.Http.HttpRequestException: No connection could be made because the target machine actively refused it. (localhost:7001)
 ---> System.Net.Sockets.SocketException (10061): No connection could be made because the target machine actively refused it.
   at System.Net.Sockets.Socket.AwaitableSocketAsyncEventArgs.ThrowException(SocketError error, CancellationToken cancellationToken)
   at System.Net.Sockets.Socket.AwaitableSocketAsyncEventArgs.System.Threading.Tasks.Sources.IValueTaskSource.GetResult(Int16 token)
   at System.Net.Sockets.Socket.<ConnectAsync>g__WaitForConnectWithCancellation|285_0(AwaitableSocketAsyncEventArgs saea, ValueTask connectTask, CancellationToken cancellationToken)
   at System.Net.Http.HttpConnectionPool.ConnectToTcpHostAsync(String host, Int32 port, HttpRequestMessage initialRequest, Boolean async, CancellationToken cancellationToken)
   --- End of inner exception stack trace ---
   at System.Net.Http.HttpConnectionPool.ConnectToTcpHostAsync(String host, Int32 port, HttpRequestMessage initialRequest, Boolean async, CancellationToken cancellationToken)
   at System.Net.Http.HttpConnectionPool.ConnectAsync(HttpRequestMessage request, Boolean async, CancellationToken cancellationToken)
   at System.Net.Http.HttpConnectionPool.CreateHttp11ConnectionAsync(HttpRequestMessage request, Boolean async, CancellationToken cancellationToken)
   at System.Net.Http.HttpConnectionPool.AddHttp11ConnectionAsync(QueueItem queueItem)
   at System.Threading.Tasks.TaskCompletionSourceWithCancellation`1.WaitWithCancellationAsync(CancellationToken cancellationToken)
   at System.Net.Http.HttpConnectionPool.HttpConnectionWaiter`1.WaitForConnectionWithTelemetryAsync(HttpRequestMessage request, HttpConnectionPool pool, Boolean async, CancellationToken requestCancellationToken)
   at System.Net.Http.HttpConnectionPool.SendWithVersionDetectionAndRetryAsync(HttpRequestMessage request, Boolean async, Boolean doRequestAuth, CancellationToken cancellationToken)
   at System.Net.Http.DiagnosticsHandler.SendAsyncCore(HttpRequestMessage request, Boolean async, CancellationToken cancellationToken)
   at System.Net.Http.RedirectHandler.SendAsync(HttpRequestMessage request, Boolean async, CancellationToken cancellationToken)
   at Microsoft.Extensions.Http.Logging.LoggingHttpMessageHandler.<SendCoreAsync>g__Core|5_0(HttpRequestMessage request, Boolean useAsync, CancellationToken cancellationToken)
   at Microsoft.Extensions.Http.Logging.LoggingScopeHttpMessageHandler.<SendCoreAsync>g__Core|5_0(HttpRequestMessage request, Boolean useAsync, CancellationToken cancellationToken)
   at System.Net.Http.HttpClient.<SendAsync>g__Core|83_0(HttpRequestMessage request, HttpCompletionOption completionOption, CancellationTokenSource cts, Boolean disposeCts, CancellationTokenSource pendingRequestsCts, CancellationToken originalCancellationToken)
   at HelpDesk.Mvc.Services.TicketApiService.GetAllTicketsAsync() in C:\Users\Lenovo\#Projects\HelpDeskManagement\HelpDesk.Mvc\Services\TicketApiService.cs:line 20
   at HelpDesk.Mvc.Controllers.HomeController.Index() in C:\Users\Lenovo\#Projects\HelpDeskManagement\HelpDesk.Mvc\Controllers\HomeController.cs:line 23
   at Microsoft.AspNetCore.Mvc.Infrastructure.ActionMethodExecutor.TaskOfIActionResultExecutor.Execute(ActionContext actionContext, IActionResultTypeMapper mapper, ObjectMethodExecutor executor, Object controller, Object[] arguments)
   at Microsoft.AspNetCore.Mvc.Infrastructure.ControllerActionInvoker.<InvokeActionMethodAsync>g__Awaited|12_0(ControllerActionInvoker invoker, ValueTask`1 actionResultValueTask)
   at Microsoft.AspNetCore.Mvc.Infrastructure.ControllerActionInvoker.<InvokeNextActionFilterAsync>g__Awaited|10_0(ControllerActionInvoker invoker, Task lastTask, State next, Scope scope, Object state, Boolean isCompleted)
   at Microsoft.AspNetCore.Mvc.Infrastructure.ControllerActionInvoker.Rethrow(ActionExecutedContextSealed context)
   at Microsoft.AspNetCore.Mvc.Infrastructure.ControllerActionInvoker.Next(State& next, Scope& scope, Object& state, Boolean& isCompleted)
   at Microsoft.AspNetCore.Mvc.Infrastructure.ControllerActionInvoker.<InvokeInnerFilterAsync>g__Awaited|13_0(ControllerActionInvoker invoker, Task lastTask, State next, Scope scope, Object state, Boolean isCompleted)
   at Microsoft.AspNetCore.Mvc.Infrastructure.ResourceInvoker.<InvokeNextResourceFilter>g__Awaited|25_0(ResourceInvoker invoker, Task lastTask, State next, Scope scope, Object state, Boolean isCompleted)
   at Microsoft.AspNetCore.Mvc.Infrastructure.ResourceInvoker.Rethrow(ResourceExecutedContextSealed context)
   at Microsoft.AspNetCore.Mvc.Infrastructure.ResourceInvoker.Next(State& next, Scope& scope, Object& state, Boolean& isCompleted)
   at Microsoft.AspNetCore.Mvc.Infrastructure.ResourceInvoker.<InvokeFilterPipelineAsync>g__Awaited|20_0(ResourceInvoker invoker, Task lastTask, State next, Scope scope, Object state, Boolean isCompleted)
   at Microsoft.AspNetCore.Mvc.Infrastructure.ResourceInvoker.<InvokeAsync>g__Logged|17_1(ResourceInvoker invoker)
   at Microsoft.AspNetCore.Mvc.Infrastructure.ResourceInvoker.<InvokeAsync>g__Logged|17_1(ResourceInvoker invoker)
   at Microsoft.AspNetCore.Routing.EndpointMiddleware.<Invoke>g__AwaitRequestTask|7_0(Endpoint endpoint, Task requestTask, ILogger logger)
   at Microsoft.AspNetCore.Authorization.AuthorizationMiddleware.Invoke(HttpContext context)
   at Serilog.AspNetCore.RequestLoggingMiddleware.Invoke(HttpContext httpContext)
   at Microsoft.AspNetCore.Authentication.AuthenticationMiddleware.Invoke(HttpContext context)
   at Microsoft.AspNetCore.Diagnostics.DeveloperExceptionPageMiddlewareImpl.Invoke(HttpContext context)
2026-08-04 03:12:17.469 +05:30 [INF] Request finished HTTP/2 GET https://localhost:59188/ - 500 null text/html; charset=utf-8 5448.7053ms
2026-08-04 03:12:17.511 +05:30 [INF] Request starting HTTP/2 GET https://localhost:59188/_vs/browserLink - null null
2026-08-04 03:12:17.511 +05:30 [INF] Request starting HTTP/2 GET https://localhost:59188/_framework/aspnetcore-browser-refresh.js - null null
2026-08-04 03:12:17.739 +05:30 [INF] Request finished HTTP/2 GET https://localhost:59188/_framework/aspnetcore-browser-refresh.js - 200 14929 application/javascript; charset=utf-8 227.9212ms
2026-08-04 03:12:17.918 +05:30 [INF] Request finished HTTP/2 GET https://localhost:59188/_vs/browserLink - 200 null text/javascript; charset=UTF-8 407.0223ms
2026-08-04 03:12:18.107 +05:30 [INF] Request starting HTTP/2 GET https://localhost:59188/favicon.ico - null null
2026-08-04 03:12:18.128 +05:30 [INF] HTTP GET /favicon.ico responded 404 in 8.5603 ms
2026-08-04 03:12:18.137 +05:30 [INF] Request finished HTTP/2 GET https://localhost:59188/favicon.ico - 404 0 null 30.2929ms
2026-08-04 03:12:18.151 +05:30 [INF] Request reached the end of the middleware pipeline without being handled by application code. Request path: GET https://localhost:59188/favicon.ico, Response status code: 404
2026-08-04 03:21:31.363 +05:30 [INF] Starting HelpDesk.Mvc
2026-08-04 03:21:31.933 +05:30 [INF] User profile is available. Using 'C:\Users\Lenovo\AppData\Local\ASP.NET\DataProtection-Keys' as key repository and Windows DPAPI to encrypt keys at rest.
2026-08-04 03:21:32.045 +05:30 [INF] Now listening on: https://localhost:59188
2026-08-04 03:21:32.047 +05:30 [INF] Now listening on: http://localhost:59189
2026-08-04 03:21:32.071 +05:30 [INF] Application started. Press Ctrl+C to shut down.
2026-08-04 03:21:32.072 +05:30 [INF] Hosting environment: Development
2026-08-04 03:21:32.073 +05:30 [INF] Content root path: C:\Users\Lenovo\#Projects\HelpDeskManagement\HelpDesk.Mvc
2026-08-04 03:21:33.055 +05:30 [INF] Request starting HTTP/2 GET https://localhost:59188/ - null null
2026-08-04 03:21:33.199 +05:30 [INF] Executing endpoint 'HelpDesk.Mvc.Controllers.HomeController.Index (HelpDesk.Mvc)'
2026-08-04 03:21:33.232 +05:30 [INF] Route matched with {action = "Index", controller = "Home"}. Executing controller action with signature System.Threading.Tasks.Task`1[Microsoft.AspNetCore.Mvc.IActionResult] Index() on controller HelpDesk.Mvc.Controllers.HomeController (HelpDesk.Mvc).
2026-08-04 03:21:33.252 +05:30 [INF] Start processing HTTP request GET https://localhost:7001/api/Ticket/All
2026-08-04 03:21:33.260 +05:30 [INF] Sending HTTP request GET https://localhost:7001/api/Ticket/All
2026-08-04 03:21:37.362 +05:30 [INF] Executed action HelpDesk.Mvc.Controllers.HomeController.Index (HelpDesk.Mvc) in 4123.54ms
2026-08-04 03:21:37.398 +05:30 [INF] Executed endpoint 'HelpDesk.Mvc.Controllers.HomeController.Index (HelpDesk.Mvc)'
2026-08-04 03:21:37.409 +05:30 [ERR] HTTP GET / responded 500 in 4222.1466 ms
System.Net.Http.HttpRequestException: No connection could be made because the target machine actively refused it. (localhost:7001)
 ---> System.Net.Sockets.SocketException (10061): No connection could be made because the target machine actively refused it.
   at System.Net.Sockets.Socket.AwaitableSocketAsyncEventArgs.ThrowException(SocketError error, CancellationToken cancellationToken)
   at System.Net.Sockets.Socket.AwaitableSocketAsyncEventArgs.System.Threading.Tasks.Sources.IValueTaskSource.GetResult(Int16 token)
   at System.Net.Sockets.Socket.<ConnectAsync>g__WaitForConnectWithCancellation|285_0(AwaitableSocketAsyncEventArgs saea, ValueTask connectTask, CancellationToken cancellationToken)
   at System.Net.Http.HttpConnectionPool.ConnectToTcpHostAsync(String host, Int32 port, HttpRequestMessage initialRequest, Boolean async, CancellationToken cancellationToken)
   --- End of inner exception stack trace ---
   at System.Net.Http.HttpConnectionPool.ConnectToTcpHostAsync(String host, Int32 port, HttpRequestMessage initialRequest, Boolean async, CancellationToken cancellationToken)
   at System.Net.Http.HttpConnectionPool.ConnectAsync(HttpRequestMessage request, Boolean async, CancellationToken cancellationToken)
   at System.Net.Http.HttpConnectionPool.CreateHttp11ConnectionAsync(HttpRequestMessage request, Boolean async, CancellationToken cancellationToken)
   at System.Net.Http.HttpConnectionPool.AddHttp11ConnectionAsync(QueueItem queueItem)
   at System.Threading.Tasks.TaskCompletionSourceWithCancellation`1.WaitWithCancellationAsync(CancellationToken cancellationToken)
   at System.Net.Http.HttpConnectionPool.SendWithVersionDetectionAndRetryAsync(HttpRequestMessage request, Boolean async, Boolean doRequestAuth, CancellationToken cancellationToken)
   at System.Net.Http.DiagnosticsHandler.SendAsyncCore(HttpRequestMessage request, Boolean async, CancellationToken cancellationToken)
   at System.Net.Http.RedirectHandler.SendAsync(HttpRequestMessage request, Boolean async, CancellationToken cancellationToken)
   at Microsoft.Extensions.Http.Logging.LoggingHttpMessageHandler.<SendCoreAsync>g__Core|5_0(HttpRequestMessage request, Boolean useAsync, CancellationToken cancellationToken)
   at Microsoft.Extensions.Http.Logging.LoggingScopeHttpMessageHandler.<SendCoreAsync>g__Core|5_0(HttpRequestMessage request, Boolean useAsync, CancellationToken cancellationToken)
   at System.Net.Http.HttpClient.<SendAsync>g__Core|83_0(HttpRequestMessage request, HttpCompletionOption completionOption, CancellationTokenSource cts, Boolean disposeCts, CancellationTokenSource pendingRequestsCts, CancellationToken originalCancellationToken)
   at HelpDesk.Mvc.Services.TicketApiService.GetAllTicketsAsync() in C:\Users\Lenovo\#Projects\HelpDeskManagement\HelpDesk.Mvc\Services\TicketApiService.cs:line 20
   at HelpDesk.Mvc.Controllers.HomeController.Index() in C:\Users\Lenovo\#Projects\HelpDeskManagement\HelpDesk.Mvc\Controllers\HomeController.cs:line 23
   at Microsoft.AspNetCore.Mvc.Infrastructure.ActionMethodExecutor.TaskOfIActionResultExecutor.Execute(ActionContext actionContext, IActionResultTypeMapper mapper, ObjectMethodExecutor executor, Object controller, Object[] arguments)
   at Microsoft.AspNetCore.Mvc.Infrastructure.ControllerActionInvoker.<InvokeActionMethodAsync>g__Awaited|12_0(ControllerActionInvoker invoker, ValueTask`1 actionResultValueTask)
   at Microsoft.AspNetCore.Mvc.Infrastructure.ControllerActionInvoker.<InvokeNextActionFilterAsync>g__Awaited|10_0(ControllerActionInvoker invoker, Task lastTask, State next, Scope scope, Object state, Boolean isCompleted)
   at Microsoft.AspNetCore.Mvc.Infrastructure.ControllerActionInvoker.Rethrow(ActionExecutedContextSealed context)
   at Microsoft.AspNetCore.Mvc.Infrastructure.ControllerActionInvoker.Next(State& next, Scope& scope, Object& state, Boolean& isCompleted)
   at Microsoft.AspNetCore.Mvc.Infrastructure.ControllerActionInvoker.<InvokeInnerFilterAsync>g__Awaited|13_0(ControllerActionInvoker invoker, Task lastTask, State next, Scope scope, Object state, Boolean isCompleted)
   at Microsoft.AspNetCore.Mvc.Infrastructure.ResourceInvoker.<InvokeNextResourceFilter>g__Awaited|25_0(ResourceInvoker invoker, Task lastTask, State next, Scope scope, Object state, Boolean isCompleted)
   at Microsoft.AspNetCore.Mvc.Infrastructure.ResourceInvoker.Rethrow(ResourceExecutedContextSealed context)
   at Microsoft.AspNetCore.Mvc.Infrastructure.ResourceInvoker.Next(State& next, Scope& scope, Object& state, Boolean& isCompleted)
   at Microsoft.AspNetCore.Mvc.Infrastructure.ResourceInvoker.<InvokeFilterPipelineAsync>g__Awaited|20_0(ResourceInvoker invoker, Task lastTask, State next, Scope scope, Object state, Boolean isCompleted)
   at Microsoft.AspNetCore.Mvc.Infrastructure.ResourceInvoker.<InvokeAsync>g__Logged|17_1(ResourceInvoker invoker)
   at Microsoft.AspNetCore.Mvc.Infrastructure.ResourceInvoker.<InvokeAsync>g__Logged|17_1(ResourceInvoker invoker)
   at Microsoft.AspNetCore.Routing.EndpointMiddleware.<Invoke>g__AwaitRequestTask|7_0(Endpoint endpoint, Task requestTask, ILogger logger)
   at Microsoft.AspNetCore.Authorization.AuthorizationMiddleware.Invoke(HttpContext context)
   at Serilog.AspNetCore.RequestLoggingMiddleware.Invoke(HttpContext httpContext)
2026-08-04 03:21:37.458 +05:30 [ERR] An unhandled exception has occurred while executing the request.
System.Net.Http.HttpRequestException: No connection could be made because the target machine actively refused it. (localhost:7001)
 ---> System.Net.Sockets.SocketException (10061): No connection could be made because the target machine actively refused it.
   at System.Net.Sockets.Socket.AwaitableSocketAsyncEventArgs.ThrowException(SocketError error, CancellationToken cancellationToken)
   at System.Net.Sockets.Socket.AwaitableSocketAsyncEventArgs.System.Threading.Tasks.Sources.IValueTaskSource.GetResult(Int16 token)
   at System.Net.Sockets.Socket.<ConnectAsync>g__WaitForConnectWithCancellation|285_0(AwaitableSocketAsyncEventArgs saea, ValueTask connectTask, CancellationToken cancellationToken)
   at System.Net.Http.HttpConnectionPool.ConnectToTcpHostAsync(String host, Int32 port, HttpRequestMessage initialRequest, Boolean async, CancellationToken cancellationToken)
   --- End of inner exception stack trace ---
   at System.Net.Http.HttpConnectionPool.ConnectToTcpHostAsync(String host, Int32 port, HttpRequestMessage initialRequest, Boolean async, CancellationToken cancellationToken)
   at System.Net.Http.HttpConnectionPool.ConnectAsync(HttpRequestMessage request, Boolean async, CancellationToken cancellationToken)
   at System.Net.Http.HttpConnectionPool.CreateHttp11ConnectionAsync(HttpRequestMessage request, Boolean async, CancellationToken cancellationToken)
   at System.Net.Http.HttpConnectionPool.AddHttp11ConnectionAsync(QueueItem queueItem)
   at System.Threading.Tasks.TaskCompletionSourceWithCancellation`1.WaitWithCancellationAsync(CancellationToken cancellationToken)
   at System.Net.Http.HttpConnectionPool.SendWithVersionDetectionAndRetryAsync(HttpRequestMessage request, Boolean async, Boolean doRequestAuth, CancellationToken cancellationToken)
   at System.Net.Http.DiagnosticsHandler.SendAsyncCore(HttpRequestMessage request, Boolean async, CancellationToken cancellationToken)
   at System.Net.Http.RedirectHandler.SendAsync(HttpRequestMessage request, Boolean async, CancellationToken cancellationToken)
   at Microsoft.Extensions.Http.Logging.LoggingHttpMessageHandler.<SendCoreAsync>g__Core|5_0(HttpRequestMessage request, Boolean useAsync, CancellationToken cancellationToken)
   at Microsoft.Extensions.Http.Logging.LoggingScopeHttpMessageHandler.<SendCoreAsync>g__Core|5_0(HttpRequestMessage request, Boolean useAsync, CancellationToken cancellationToken)
   at System.Net.Http.HttpClient.<SendAsync>g__Core|83_0(HttpRequestMessage request, HttpCompletionOption completionOption, CancellationTokenSource cts, Boolean disposeCts, CancellationTokenSource pendingRequestsCts, CancellationToken originalCancellationToken)
   at HelpDesk.Mvc.Services.TicketApiService.GetAllTicketsAsync() in C:\Users\Lenovo\#Projects\HelpDeskManagement\HelpDesk.Mvc\Services\TicketApiService.cs:line 20
   at HelpDesk.Mvc.Controllers.HomeController.Index() in C:\Users\Lenovo\#Projects\HelpDeskManagement\HelpDesk.Mvc\Controllers\HomeController.cs:line 23
   at Microsoft.AspNetCore.Mvc.Infrastructure.ActionMethodExecutor.TaskOfIActionResultExecutor.Execute(ActionContext actionContext, IActionResultTypeMapper mapper, ObjectMethodExecutor executor, Object controller, Object[] arguments)
   at Microsoft.AspNetCore.Mvc.Infrastructure.ControllerActionInvoker.<InvokeActionMethodAsync>g__Awaited|12_0(ControllerActionInvoker invoker, ValueTask`1 actionResultValueTask)
   at Microsoft.AspNetCore.Mvc.Infrastructure.ControllerActionInvoker.<InvokeNextActionFilterAsync>g__Awaited|10_0(ControllerActionInvoker invoker, Task lastTask, State next, Scope scope, Object state, Boolean isCompleted)
   at Microsoft.AspNetCore.Mvc.Infrastructure.ControllerActionInvoker.Rethrow(ActionExecutedContextSealed context)
   at Microsoft.AspNetCore.Mvc.Infrastructure.ControllerActionInvoker.Next(State& next, Scope& scope, Object& state, Boolean& isCompleted)
   at Microsoft.AspNetCore.Mvc.Infrastructure.ControllerActionInvoker.<InvokeInnerFilterAsync>g__Awaited|13_0(ControllerActionInvoker invoker, Task lastTask, State next, Scope scope, Object state, Boolean isCompleted)
   at Microsoft.AspNetCore.Mvc.Infrastructure.ResourceInvoker.<InvokeNextResourceFilter>g__Awaited|25_0(ResourceInvoker invoker, Task lastTask, State next, Scope scope, Object state, Boolean isCompleted)
   at Microsoft.AspNetCore.Mvc.Infrastructure.ResourceInvoker.Rethrow(ResourceExecutedContextSealed context)
   at Microsoft.AspNetCore.Mvc.Infrastructure.ResourceInvoker.Next(State& next, Scope& scope, Object& state, Boolean& isCompleted)
   at Microsoft.AspNetCore.Mvc.Infrastructure.ResourceInvoker.<InvokeFilterPipelineAsync>g__Awaited|20_0(ResourceInvoker invoker, Task lastTask, State next, Scope scope, Object state, Boolean isCompleted)
   at Microsoft.AspNetCore.Mvc.Infrastructure.ResourceInvoker.<InvokeAsync>g__Logged|17_1(ResourceInvoker invoker)
   at Microsoft.AspNetCore.Mvc.Infrastructure.ResourceInvoker.<InvokeAsync>g__Logged|17_1(ResourceInvoker invoker)
   at Microsoft.AspNetCore.Routing.EndpointMiddleware.<Invoke>g__AwaitRequestTask|7_0(Endpoint endpoint, Task requestTask, ILogger logger)
   at Microsoft.AspNetCore.Authorization.AuthorizationMiddleware.Invoke(HttpContext context)
   at Serilog.AspNetCore.RequestLoggingMiddleware.Invoke(HttpContext httpContext)
   at Microsoft.AspNetCore.Authentication.AuthenticationMiddleware.Invoke(HttpContext context)
   at Microsoft.AspNetCore.Diagnostics.DeveloperExceptionPageMiddlewareImpl.Invoke(HttpContext context)
2026-08-04 03:21:37.539 +05:30 [INF] Request finished HTTP/2 GET https://localhost:59188/ - 500 null text/html; charset=utf-8 4486.1124ms
2026-08-04 03:21:37.561 +05:30 [INF] Request starting HTTP/2 GET https://localhost:59188/_framework/aspnetcore-browser-refresh.js - null null
2026-08-04 03:21:37.561 +05:30 [INF] Request starting HTTP/2 GET https://localhost:59188/_vs/browserLink - null null
2026-08-04 03:21:37.576 +05:30 [INF] Request finished HTTP/2 GET https://localhost:59188/_framework/aspnetcore-browser-refresh.js - 200 14929 application/javascript; charset=utf-8 15.7042ms
2026-08-04 03:21:37.638 +05:30 [INF] Request finished HTTP/2 GET https://localhost:59188/_vs/browserLink - 200 null text/javascript; charset=UTF-8 77.3959ms
2026-08-04 03:52:11.960 +05:30 [INF] Starting HelpDesk.Mvc
2026-08-04 03:52:12.600 +05:30 [INF] User profile is available. Using 'C:\Users\Lenovo\AppData\Local\ASP.NET\DataProtection-Keys' as key repository and Windows DPAPI to encrypt keys at rest.
2026-08-04 03:52:12.734 +05:30 [INF] Now listening on: https://localhost:59188
2026-08-04 03:52:12.735 +05:30 [INF] Now listening on: http://localhost:59189
2026-08-04 03:52:12.762 +05:30 [INF] Application started. Press Ctrl+C to shut down.
2026-08-04 03:52:12.763 +05:30 [INF] Hosting environment: Development
2026-08-04 03:52:12.764 +05:30 [INF] Content root path: C:\Users\Lenovo\#Projects\HelpDeskManagement\HelpDesk.Mvc
2026-08-04 03:52:13.232 +05:30 [INF] Request starting HTTP/2 GET https://localhost:59188/ - null null
2026-08-04 03:52:13.320 +05:30 [INF] Executing endpoint 'HelpDesk.Mvc.Controllers.HomeController.Index (HelpDesk.Mvc)'
2026-08-04 03:52:13.348 +05:30 [INF] Route matched with {action = "Index", controller = "Home"}. Executing controller action with signature System.Threading.Tasks.Task`1[Microsoft.AspNetCore.Mvc.IActionResult] Index() on controller HelpDesk.Mvc.Controllers.HomeController (HelpDesk.Mvc).
2026-08-04 03:52:13.365 +05:30 [INF] Start processing HTTP request GET https://localhost:59186/api/Ticket/All
2026-08-04 03:52:13.367 +05:30 [INF] Sending HTTP request GET https://localhost:59186/api/Ticket/All
2026-08-04 03:52:22.986 +05:30 [INF] Received HTTP response headers after 9615.2386ms - 500
2026-08-04 03:52:22.994 +05:30 [INF] End processing HTTP request after 9631.4515ms - 500
2026-08-04 03:52:22.997 +05:30 [ERR] HelpDesk.Api call failed while trying to load tickets. Status: 500. Body: {"title":"An unexpected error occurred","status":500,"detail":"An exception has been raised that is likely due to a transient failure. Consider enabling transient error resiliency by adding \u0027EnableRetryOnFailure\u0027 to the \u0027UseSqlServer\u0027 call.","instance":"/api/Ticket/All"}
2026-08-04 03:52:23.076 +05:30 [ERR] Failed to load dashboard data.
HelpDesk.Mvc.Services.TicketApiException: Something went wrong while trying to load tickets. Please try again.
   at HelpDesk.Mvc.Services.TicketApiService.EnsureSuccess(HttpResponseMessage response, String actionDescription) in C:\Users\Lenovo\#Projects\HelpDeskManagement\HelpDesk.Mvc\Services\TicketApiService.cs:line 109
   at HelpDesk.Mvc.Services.TicketApiService.GetAllTicketsAsync() in C:\Users\Lenovo\#Projects\HelpDeskManagement\HelpDesk.Mvc\Services\TicketApiService.cs:line 21
   at HelpDesk.Mvc.Controllers.HomeController.Index() in C:\Users\Lenovo\#Projects\HelpDeskManagement\HelpDesk.Mvc\Controllers\HomeController.cs:line 23
2026-08-04 03:52:23.143 +05:30 [INF] Executing ViewResult, running view Index.
2026-08-04 03:52:23.262 +05:30 [INF] Executed ViewResult - view Index executed in 124.728ms.
2026-08-04 03:52:23.268 +05:30 [INF] Executed action HelpDesk.Mvc.Controllers.HomeController.Index (HelpDesk.Mvc) in 9918.7012ms
2026-08-04 03:52:23.274 +05:30 [INF] Executed endpoint 'HelpDesk.Mvc.Controllers.HomeController.Index (HelpDesk.Mvc)'
2026-08-04 03:52:23.279 +05:30 [INF] HTTP GET / responded 200 in 9974.8701 ms
2026-08-04 03:52:23.282 +05:30 [INF] Request starting HTTP/2 GET https://localhost:59188/css/site.css - null null
2026-08-04 03:52:23.282 +05:30 [INF] Request starting HTTP/2 GET https://localhost:59188/_framework/aspnetcore-browser-refresh.js - null null
2026-08-04 03:52:23.283 +05:30 [INF] Request starting HTTP/2 GET https://localhost:59188/_vs/browserLink - null null
2026-08-04 03:52:23.299 +05:30 [INF] Request finished HTTP/2 GET https://localhost:59188/ - 200 null text/html; charset=utf-8 10068.4586ms
2026-08-04 03:52:23.309 +05:30 [INF] Request finished HTTP/2 GET https://localhost:59188/_framework/aspnetcore-browser-refresh.js - 200 14929 application/javascript; charset=utf-8 26.6993ms
2026-08-04 03:52:23.313 +05:30 [INF] Sending file. Request path: '/css/site.css'. Physical path: 'C:\Users\Lenovo\#Projects\HelpDeskManagement\HelpDesk.Mvc\wwwroot\css\site.css'
2026-08-04 03:52:23.322 +05:30 [INF] HTTP GET /css/site.css responded 200 in 29.0677 ms
2026-08-04 03:52:23.326 +05:30 [INF] Request finished HTTP/2 GET https://localhost:59188/css/site.css - 200 351 text/css 44.0052ms
2026-08-04 03:52:23.388 +05:30 [INF] Request finished HTTP/2 GET https://localhost:59188/_vs/browserLink - 200 null text/javascript; charset=UTF-8 105.6807ms
2026-08-04 03:52:23.497 +05:30 [INF] Request starting HTTP/2 GET https://localhost:59188/favicon.ico - null null
2026-08-04 03:52:23.540 +05:30 [INF] HTTP GET /favicon.ico responded 404 in 4.3573 ms
2026-08-04 03:52:23.543 +05:30 [INF] Request finished HTTP/2 GET https://localhost:59188/favicon.ico - 404 0 null 46.4758ms
2026-08-04 03:52:23.550 +05:30 [INF] Request reached the end of the middleware pipeline without being handled by application code. Request path: GET https://localhost:59188/favicon.ico, Response status code: 404
2026-08-04 03:52:33.499 +05:30 [INF] Request starting HTTP/2 GET https://localhost:59188/Ticket/Create - null null
2026-08-04 03:52:33.524 +05:30 [INF] Executing endpoint 'HelpDesk.Mvc.Controllers.TicketController.Create (HelpDesk.Mvc)'
2026-08-04 03:52:33.536 +05:30 [INF] Route matched with {action = "Create", controller = "Ticket"}. Executing controller action with signature Microsoft.AspNetCore.Mvc.IActionResult Create() on controller HelpDesk.Mvc.Controllers.TicketController (HelpDesk.Mvc).
2026-08-04 03:52:33.546 +05:30 [INF] Executing ViewResult, running view Create.
2026-08-04 03:52:33.778 +05:30 [INF] Executed ViewResult - view Create executed in 233.7689ms.
2026-08-04 03:52:33.783 +05:30 [INF] Executed action HelpDesk.Mvc.Controllers.TicketController.Create (HelpDesk.Mvc) in 242.092ms
2026-08-04 03:52:33.790 +05:30 [INF] Executed endpoint 'HelpDesk.Mvc.Controllers.TicketController.Create (HelpDesk.Mvc)'
2026-08-04 03:52:33.802 +05:30 [INF] HTTP GET /Ticket/Create responded 200 in 279.8601 ms
2026-08-04 03:52:33.823 +05:30 [INF] Request finished HTTP/2 GET https://localhost:59188/Ticket/Create - 200 null text/html; charset=utf-8 323.4706ms
2026-08-04 03:52:33.841 +05:30 [INF] Request starting HTTP/2 GET https://localhost:59188/_vs/browserLink - null null
2026-08-04 03:52:33.841 +05:30 [INF] Request starting HTTP/2 GET https://localhost:59188/_framework/aspnetcore-browser-refresh.js - null null
2026-08-04 03:52:33.890 +05:30 [INF] Request finished HTTP/2 GET https://localhost:59188/_framework/aspnetcore-browser-refresh.js - 200 14929 application/javascript; charset=utf-8 48.6946ms
2026-08-04 03:52:33.897 +05:30 [INF] Request finished HTTP/2 GET https://localhost:59188/_vs/browserLink - 200 null text/javascript; charset=UTF-8 56.2823ms
2026-08-04 03:53:06.415 +05:30 [INF] Starting HelpDesk.Mvc
2026-08-04 03:53:06.989 +05:30 [INF] User profile is available. Using 'C:\Users\Lenovo\AppData\Local\ASP.NET\DataProtection-Keys' as key repository and Windows DPAPI to encrypt keys at rest.
2026-08-04 03:53:07.131 +05:30 [INF] Now listening on: https://localhost:59188
2026-08-04 03:53:07.132 +05:30 [INF] Now listening on: http://localhost:59189
2026-08-04 03:53:07.161 +05:30 [INF] Application started. Press Ctrl+C to shut down.
2026-08-04 03:53:07.162 +05:30 [INF] Hosting environment: Development
2026-08-04 03:53:07.164 +05:30 [INF] Content root path: C:\Users\Lenovo\#Projects\HelpDeskManagement\HelpDesk.Mvc
2026-08-04 03:53:07.881 +05:30 [INF] Request starting HTTP/2 GET https://localhost:59188/ - null null
2026-08-04 03:53:07.988 +05:30 [INF] Executing endpoint 'HelpDesk.Mvc.Controllers.HomeController.Index (HelpDesk.Mvc)'
2026-08-04 03:53:08.028 +05:30 [INF] Route matched with {action = "Index", controller = "Home"}. Executing controller action with signature System.Threading.Tasks.Task`1[Microsoft.AspNetCore.Mvc.IActionResult] Index() on controller HelpDesk.Mvc.Controllers.HomeController (HelpDesk.Mvc).
2026-08-04 03:53:08.050 +05:30 [INF] Start processing HTTP request GET https://localhost:59186/api/Ticket/All
2026-08-04 03:53:08.053 +05:30 [INF] Sending HTTP request GET https://localhost:59186/api/Ticket/All
2026-08-04 03:53:20.125 +05:30 [INF] Received HTTP response headers after 12068.152ms - 500
2026-08-04 03:53:20.132 +05:30 [INF] End processing HTTP request after 12086.1354ms - 500
2026-08-04 03:53:20.165 +05:30 [ERR] HelpDesk.Api call failed while trying to load tickets. Status: 500. Body: {"title":"An unexpected error occurred","status":500,"detail":"An exception has been raised that is likely due to a transient failure. Consider enabling transient error resiliency by adding \u0027EnableRetryOnFailure\u0027 to the \u0027UseSqlServer\u0027 call.","instance":"/api/Ticket/All"}
2026-08-04 03:53:20.249 +05:30 [ERR] Failed to load dashboard data.
HelpDesk.Mvc.Services.TicketApiException: Something went wrong while trying to load tickets. Please try again.
   at HelpDesk.Mvc.Services.TicketApiService.EnsureSuccess(HttpResponseMessage response, String actionDescription) in C:\Users\Lenovo\#Projects\HelpDeskManagement\HelpDesk.Mvc\Services\TicketApiService.cs:line 109
   at HelpDesk.Mvc.Services.TicketApiService.GetAllTicketsAsync() in C:\Users\Lenovo\#Projects\HelpDeskManagement\HelpDesk.Mvc\Services\TicketApiService.cs:line 21
   at HelpDesk.Mvc.Controllers.HomeController.Index() in C:\Users\Lenovo\#Projects\HelpDeskManagement\HelpDesk.Mvc\Controllers\HomeController.cs:line 23
2026-08-04 03:53:20.375 +05:30 [INF] Executing ViewResult, running view Index.
2026-08-04 03:53:20.486 +05:30 [INF] Executed ViewResult - view Index executed in 113.9773ms.
2026-08-04 03:53:20.499 +05:30 [INF] Request starting HTTP/2 GET https://localhost:59188/_vs/browserLink - null null
2026-08-04 03:53:20.499 +05:30 [INF] Request starting HTTP/2 GET https://localhost:59188/_framework/aspnetcore-browser-refresh.js - null null
2026-08-04 03:53:20.865 +05:30 [INF] Executed action HelpDesk.Mvc.Controllers.HomeController.Index (HelpDesk.Mvc) in 12834.7938ms
2026-08-04 03:53:20.945 +05:30 [INF] Request finished HTTP/2 GET https://localhost:59188/_vs/browserLink - 200 null text/javascript; charset=UTF-8 445.9976ms
2026-08-04 03:53:20.948 +05:30 [INF] Executed endpoint 'HelpDesk.Mvc.Controllers.HomeController.Index (HelpDesk.Mvc)'
2026-08-04 03:53:20.953 +05:30 [INF] Request finished HTTP/2 GET https://localhost:59188/_framework/aspnetcore-browser-refresh.js - 200 14929 application/javascript; charset=utf-8 454.5867ms
2026-08-04 03:53:21.060 +05:30 [INF] HTTP GET / responded 200 in 13087.8400 ms
2026-08-04 03:53:21.076 +05:30 [INF] Request finished HTTP/2 GET https://localhost:59188/ - 200 null text/html; charset=utf-8 13197.5601ms
2026-08-04 03:53:21.091 +05:30 [INF] Request starting HTTP/2 GET https://localhost:59188/favicon.ico - null null
2026-08-04 03:53:21.303 +05:30 [INF] HTTP GET /favicon.ico responded 404 in 9.4008 ms
2026-08-04 03:53:21.338 +05:30 [INF] Request finished HTTP/2 GET https://localhost:59188/favicon.ico - 404 0 null 246.9443ms
2026-08-04 03:53:21.343 +05:30 [INF] Request reached the end of the middleware pipeline without being handled by application code. Request path: GET https://localhost:59188/favicon.ico, Response status code: 404
